Invalid operation: adn
